  + 2021-10-19  sp_2326821  BI 7-Day Reverse Repo Rate Tetap 3,50%: Sinergi Menjaga Stabilitas dan Memperkua
  + 2021-10-26  sp_2327621  Suku Bunga Acuan Bebas Risiko, Tingkatkan Daya Saing Industri Keuangan Syariah
  + 2021-11-18  sp_2330421  BI 7-Day Reverse Repo Rate Tetap 3,50%: Sinergi Menjaga Stabilitas dan Memperkua
  + 2021-12-16  sp_2333221  BI 7-Day Reverse Repo Rate Tetap 3,50%: Sinergi Menjaga Stabilitas dan Memperkua
  + 2021-12-28  sp_2334021  Bank Indonesia Tetapkan Jadwal Rapat Dewan Gubernur Bulanan Tahun 2022
  2021: 60 consecutive misses after seq 401, stopping
  2021: 81 pages found in seq 261..
  + 2022-10-20  sp_2428522  BI 7-Day Reverse Repo Rate Naik 50 bps Menjadi 4,75%: Sinergi Menjaga Stabilitas
  + 2022-11-17  sp_2431322  BI 7-Day Reverse Repo Rate Naik 50 bps Menjadi 5,25%: Sinergi Menjaga Stabilitas
  + 2022-12-21  sp_2434922  Bank Indonesia Tetapkan Jadwal Rapat Dewan Gubernur Bulanan Tahun 2023
  + 2022-12-22  sp_2435022  BI 7-Day Reverse Repo Rate Naik 25 bps Menjadi 5,50%: Sinergi Menjaga Stabilitas
  2022: 60 consecutive misses after seq 415, stopping
  2022: 95 pages found in seq 261..
  + 2023-10-19  sp_2528323  BI 7-Day Reverse Repo Rate Naik 25 bps Menjadi 6,00%: Sinergi Menjaga Stabilitas
  + 2023-11-23  sp_2531723  BI 7-Day Reverse Repo Rate Tetap 6,00%: Sinergi Menjaga Stabilitas dan Mendorong
  + 2023-12-21  sp_2534223  BI-Rate Tetap 6,00%: Sinergi Menjaga Stabilitas dan Mendorong Pertumbuhan
  + 2023-12-22  sp_2534323  Bank Indonesia Tetapkan Jadwal Rapat Dewan Gubernur Bulanan Tahun 2024
  2023: 60 consecutive misses after seq 407, stopping
  2023: 87 pages found in seq 261..
  + 2024-12-18  sp_2627524  BI-Rate Tetap 6,00%: Mempertahankan Stabilitas, Mendukung Pertumbuhan Ekonomi
  + 2024-12-24  sp_2628124  Bank Indonesia Tetapkan Jadwal Rapat Dewan Gubernur Bulanan Tahun 2025
  2024: 60 consecutive misses after seq 343, stopping
  2024: 23 pages found in seq 261..
  + 2025-11-19  sp_2727425  BI-Rate Tetap 4,75%: Mempertahankan Stabilitas, Mendorong Pertumbuhan Ekonomi
  + 2025-12-17  sp_2730425  BI-Rate Tetap 4,75%: Mendorong Pertumbuhan Ekonomi, Mempertahankan Stabilitas
  + 2025-12-22  sp_2730825  Bank Indonesia Tetapkan Jadwal Rapat Dewan Gubernur Bulanan Tahun 2026
  + 2025-12-31  sp_2731025  Menuju Suku Bunga Acuan yang Lebih Kredibel, BI Resmi Hentikan JIBOR dan Dorong 
  2025: 60 consecutive misses after seq 370, stopping
  2025: 50 pages found in seq 261..
  2026: 60 consecutive misses after seq 320, stopping
  2026: 0 pages found in seq 261..

Added 19 RDG releases -> /Users/jangsibin/Desktop/논문 자료/out/urls.csv
