
2012-01: 11 releases listed, 3 rate-related
        25 April 2012              ori_200112.aspx                  Suku Bunga Obligasi Pemerintah RI Yang Akan Jatuh Waktu Tanggal 25 April 20
      17 Januari 2012              koridor_opm_17012012.aspx        Koridor Bawah Suku Bunga Operasi Moneter Diperlebar Menjadi 200bps
      12 Januari 2012              sp_140112.aspx                   BI Rate Tetap 6,0%

2012-03: 11 releases listed, 2 rate-related
         25 Juni 2012              ori_210312.aspx                  Suku Bunga Obligasi Pemerintah RI Yang Akan Jatuh Waktu Tanggal 25 Juni 201
         8 Maret 2012              sp_140512.aspx                   BI Rate Tetap 5,75%

2012-04: 10 releases listed, 2 rate-related
         25 Juli 2012              ori_230412.aspx                  Suku Bunga Obligasi Pemerintah RI Yang Akan Jatuh Waktu Tanggal 25 Juli 201
        12 April 2012              sp_140712.aspx                   BI Rate Tetap 5,75%

2012-06: 14 releases listed, 2 rate-related
    25 September 2012              ori_250912.aspx                  Suku Bunga Obligasi Pemerintah RI Yang Akan Jatuh Waktu Tanggal 25 Septembe
         12 Juni 2012              SP_12062012.aspx                 BI Rate Tetap 5,75%

2012-08: 16 releases listed, 3 rate-related
      24 Agustus 2012              Suku Bunga Obligasi Pemerintah.aspx Suku Bunga Obligasi Pemerintah RI Yang Akan Jatuh Waktu Tanggal 25 Nopember
      10 Agustus 2012              sp_143012.aspx                   Penjelasan Tambahan atas Kebijakan Bank Indonesia Menaikan Suku Bunga Depos
       9 Agustus 2012              sp_142612-1.aspx                 BI Rate Tetap 5,75%

2013-01: 11 releases listed, 2 rate-related
        25 April 2013              ori_220113.aspx                  Suku Bunga Obligasi Pemerintah RI Yang Akan Jatuh Waktu Tanggal 25 April 20
      10 Januari 2013              sp_150113.aspx                   BI Rate Tetap 5,75%

2013-05: 21 releases listed, 3 rate-related
      25 Agustus 2013              ori_280513.aspx                  Suku Bunga Obligasi Pemerintah RI Yang Akan Jatuh Waktu Tanggal 25 Agustus 
          20 Mei 2013              sp_150413.aspx                   Kurs Referensi: Jakarta Interbank Spot Dollar Rate (JISDOR)​
          14 Mei 2013              sp_151813-2.aspx                 BI Rate Tetap 5,75%

2014-01: 16 releases listed, 2 rate-related
        25 April 2014              Obligasi_230114.aspx             Suku Bunga Obligasi Pemerintah RI Yang Akan Jatuh Waktu Tanggal 25 April 20
       9 Januari 2014              SP_160214.aspx                   BI Rate tetap 7,50%: Bauran Kebijakan Bank Indonesia Diperkuat

2014-02: 25 releases listed, 2 rate-related
          25 Mei 2014              Suku-Bunga-Obligasi-Pemerintah-RI-Jatuh-Waktu-25-Mei-2014.aspx Suku Bunga Obligasi Pemerintah RI Yang Akan Jatuh Waktu Tanggal 25 Mei 2014
     13 Februari 2014              sp_160813.aspx                   BI Rate Tetap 7,50%

2014-07: 25 releases listed, 1 rate-related
         10 Juli 2014              SP_16452014.aspx                 BI Rate Tetap 7,50%

2015-01: 15 releases listed, 2 rate-related
        25 April 2015              suku-bunga-ori-220115.aspx       Suku Bunga Obligasi Pemerintah RI yang Akan Jatuh Waktu Tanggal 25 April 20
      15 Januari 2015              sp_170515.aspx                   BI Rate Tetap 7,75%

2015-08: 21 releases listed, 3 rate-related
     25 November 2015              sukubunga-ORI-270815.aspx        Suku Bunga Obligasi Pemerintah RI Yang Akan Jatuh Waktu Tanggal 25 November
      21 Agustus 2015              Obligasi-Pemerintah-RI-SBR001-2015.aspx Suku Bunga Obligasi Pemerintah RI Seri SBR001 Periode 21 Agustus 2015 s.d. 
      18 Agustus 2015              sp_176315b.aspx                  BI Rate Tetap 7,50%

2016-01: 14 releases listed, 2 rate-related
        25 April 2016              sukubunga-ORI-250416.aspx        Suku Bunga Obligasi Pemerintah RI Yang Akan Jatuh Waktu Tanggal 25 April 20
      14 Januari 2016              sp_180316.aspx                   BI Rate Turun 25 bps Menjadi 7,25%

2017-01: 19 releases listed, 2 rate-related
        25 April 2017              Suku-Bunga-Obligasi-Pemerintah-RI-Yang-Akan-Jatuh-Waktu-Tanggal-25-April-2017.aspx Suku Bunga Obligasi Pemerintah RI Yang Akan Jatuh Waktu Tanggal 25 April 20
      19 Januari 2017              sp_190617.aspx                   BI 7-Day Reverse Repo Rate Tetap 4,75% Menjaga Stabilitas dan Mendukung Pem

2017-06: 18 releases listed, 3 rate-related
    25 September 2017              Obligasi-Pemerintah-RI-Jatuh-25-September-2017.aspx Suku Bunga Obligasi Pemerintah RI yang akan Jatuh Waktu pada Tanggal 25 Sep
         15 Juni 2017              sp_19462017.aspx                 BI 7-Day Reverse Repo Rate Tetap 4,75% Menjaga Stabilitas, Mendorong Pemuli
         12 Juni 2017              sp_194517.aspx                   BI dan Pemerintah Resmikan Pusat Informasi Harga Pangan Strategis Nasional

2018-01: 22 releases listed, 3 rate-related
        25 April 2018              suku-bunga-obligasi-jatuh-waktu-tanggal-25-April-2018.aspx Suku Bunga Obligasi Pemerintah RI Yang Akan Jatuh Waktu Tanggal 25 April 20
      22 Januari 2018              sp_200718.aspx                   Pemerintah dan Bank Indonesia Sepakati Lima Langkah Strategis untuk Menjaga
      18 Januari 2018              sp_200618.aspx                   Bank Indonesia Mempertahankan Suku Bunga Kebijakan: Resiliensi Ekonomi Memb

2020-01: 25 releases listed, 5 rate-related
      23 Januari 2020              sp_220420.aspx                   BI 7-Day Reverse Repo Rate Tetap 5,00% Memperkuat Momentum Pertumbuhan, Mem
        25 April 2020              Suku-Bunga-Obligasi-Pemerintah-RI-Yang-Akan-Jatuh-Waktu-Tanggal-25-April-2020.aspx Suku Bunga Obligasi Pemerintah RI Yang Akan Jatuh Waktu Tanggal 25 April 20
      11 Januari 2020              Suku-Bunga-Obligasi-Pemerintah-RI-Seri-SBR007-Periode-11-Januari-2020-sd-10-April-2020.aspx Suku Bunga Obligasi Pemerintah RI Seri SBR007 Periode 11 Januari 2020 s.d. 
      11 Januari 2020              Suku-Bunga-Obligasi-Pemerintah-RI-Seri-SBR006-Periode-11-Januari-2020-sd-10-April2020.aspx Suku Bunga Obligasi Pemerintah RI Seri SBR006 Periode 11 Januari 2020 s.d. 
      11 Januari 2020              Suku-Bunga-Obligasi-Pemerintah-RI-Seri-SBR005-Periode-11-Januari-2020-sd-10-April-2020.aspx Suku Bunga Obligasi Pemerintah RI Seri SBR005 Periode 11 Januari 2020 s.d. 
